
[2026-07-29T14:20:53.268383] --- Webhook Request Received ---
Headers: {'host': 'testserver', 'accept': '*/*', 'accept-encoding': 'gzip, deflate, zstd', 'connection': 'keep-alive', 'user-agent': 'testclient', 'content-length': '359', 'content-type': 'application/json'}
Body: {"type":"post_call_transcription","event_timestamp":1700000000,"data":{"conversation_id":"conv_test_123","agent_id":"agent_test_123","analysis":{"summary":"The customer requested a brake repair."},"metadata":{"from_number":"+15559998888"},"transcript":[{"role":"user","message":"I need to fix my brakes."},{"role":"agent","message":"I can help with that."}]}}
Processing call conv_test_123 from +15559998888...
CRM note created successfully for call conv_test_123!

[2026-07-29T14:20:56.561442] --- Webhook Request Received ---
Headers: {'host': 'testserver', 'accept': '*/*', 'accept-encoding': 'gzip, deflate, zstd', 'connection': 'keep-alive', 'user-agent': 'testclient', 'content-length': '329', 'content-type': 'application/json'}
Body: {"type":"post_call_transcription","event_timestamp":1700000000,"data":{"conversation_id":"conv_test_123","agent_id":"agent_test_123","analysis":{"summary":"The customer requested a callback."},"metadata":{"from_number":"+15559998888"},"transcript":[{"role":"user","message":"Can you call me back tomorrow morning at 8:00 AM?"}]}}
Processing call conv_test_123 from +15559998888...
CRM note created successfully for call conv_test_123!
Extracted callback info: {'preferred_time': 'tomorrow morning at 8:00 AM', 'service_type': 'Brake repair', 'issue_description': 'Grinding noise'}
Service request callback logged successfully!

[2026-07-29T15:10:01.359397] --- Webhook Request Received ---
Headers: {'host': 'testserver', 'accept': '*/*', 'accept-encoding': 'gzip, deflate, zstd', 'connection': 'keep-alive', 'user-agent': 'testclient', 'content-length': '359', 'content-type': 'application/json'}
Body: {"type":"post_call_transcription","event_timestamp":1700000000,"data":{"conversation_id":"conv_test_123","agent_id":"agent_test_123","analysis":{"summary":"The customer requested a brake repair."},"metadata":{"from_number":"+15559998888"},"transcript":[{"role":"user","message":"I need to fix my brakes."},{"role":"agent","message":"I can help with that."}]}}
Processing call conv_test_123 from +15559998888...
CRM note created successfully for call conv_test_123!

[2026-07-29T15:10:04.864737] --- Webhook Request Received ---
Headers: {'host': 'testserver', 'accept': '*/*', 'accept-encoding': 'gzip, deflate, zstd', 'connection': 'keep-alive', 'user-agent': 'testclient', 'content-length': '329', 'content-type': 'application/json'}
Body: {"type":"post_call_transcription","event_timestamp":1700000000,"data":{"conversation_id":"conv_test_123","agent_id":"agent_test_123","analysis":{"summary":"The customer requested a callback."},"metadata":{"from_number":"+15559998888"},"transcript":[{"role":"user","message":"Can you call me back tomorrow morning at 8:00 AM?"}]}}
Processing call conv_test_123 from +15559998888...
CRM note created successfully for call conv_test_123!
Extracted callback info: {'preferred_time': 'tomorrow morning at 8:00 AM', 'service_type': 'Brake repair', 'issue_description': 'Grinding noise'}
Service request callback logged successfully!

[2026-07-29T15:29:09.698601] --- Webhook Request Received ---
Headers: {'host': 'testserver', 'accept': '*/*', 'accept-encoding': 'gzip, deflate, zstd', 'connection': 'keep-alive', 'user-agent': 'testclient', 'content-length': '359', 'content-type': 'application/json'}
Body: {"type":"post_call_transcription","event_timestamp":1700000000,"data":{"conversation_id":"conv_test_123","agent_id":"agent_test_123","analysis":{"summary":"The customer requested a brake repair."},"metadata":{"from_number":"+15559998888"},"transcript":[{"role":"user","message":"I need to fix my brakes."},{"role":"agent","message":"I can help with that."}]}}
Processing call conv_test_123 from +15559998888...
CRM note created successfully for call conv_test_123!

[2026-07-29T15:29:12.817080] --- Webhook Request Received ---
Headers: {'host': 'testserver', 'accept': '*/*', 'accept-encoding': 'gzip, deflate, zstd', 'connection': 'keep-alive', 'user-agent': 'testclient', 'content-length': '329', 'content-type': 'application/json'}
Body: {"type":"post_call_transcription","event_timestamp":1700000000,"data":{"conversation_id":"conv_test_123","agent_id":"agent_test_123","analysis":{"summary":"The customer requested a callback."},"metadata":{"from_number":"+15559998888"},"transcript":[{"role":"user","message":"Can you call me back tomorrow morning at 8:00 AM?"}]}}
Processing call conv_test_123 from +15559998888...
CRM note created successfully for call conv_test_123!
Extracted callback info: {'preferred_time': 'tomorrow morning at 8:00 AM', 'service_type': 'Brake repair', 'issue_description': 'Grinding noise'}
Service request callback logged successfully!

[2026-07-29T15:32:51.072161] --- Webhook Request Received ---
Headers: {'host': 'testserver', 'accept': '*/*', 'accept-encoding': 'gzip, deflate, zstd', 'connection': 'keep-alive', 'user-agent': 'testclient', 'content-length': '359', 'content-type': 'application/json'}
Body: {"type":"post_call_transcription","event_timestamp":1700000000,"data":{"conversation_id":"conv_test_123","agent_id":"agent_test_123","analysis":{"summary":"The customer requested a brake repair."},"metadata":{"from_number":"+15559998888"},"transcript":[{"role":"user","message":"I need to fix my brakes."},{"role":"agent","message":"I can help with that."}]}}
Processing call conv_test_123 from +15559998888...
CRM note created successfully for call conv_test_123!

[2026-07-29T15:32:53.529549] --- Webhook Request Received ---
Headers: {'host': 'testserver', 'accept': '*/*', 'accept-encoding': 'gzip, deflate, zstd', 'connection': 'keep-alive', 'user-agent': 'testclient', 'content-length': '329', 'content-type': 'application/json'}
Body: {"type":"post_call_transcription","event_timestamp":1700000000,"data":{"conversation_id":"conv_test_123","agent_id":"agent_test_123","analysis":{"summary":"The customer requested a callback."},"metadata":{"from_number":"+15559998888"},"transcript":[{"role":"user","message":"Can you call me back tomorrow morning at 8:00 AM?"}]}}
Processing call conv_test_123 from +15559998888...
CRM note created successfully for call conv_test_123!
Extracted callback info: {'preferred_time': 'tomorrow morning at 8:00 AM', 'service_type': 'Brake repair', 'issue_description': 'Grinding noise'}
Service request callback logged successfully!

[2026-07-29T16:41:06.310992] --- Webhook Request Received ---
Headers: {'host': 'testserver', 'accept': '*/*', 'accept-encoding': 'gzip, deflate, zstd', 'connection': 'keep-alive', 'user-agent': 'testclient', 'content-length': '359', 'content-type': 'application/json'}
Body: {"type":"post_call_transcription","event_timestamp":1700000000,"data":{"conversation_id":"conv_test_123","agent_id":"agent_test_123","analysis":{"summary":"The customer requested a brake repair."},"metadata":{"from_number":"+15559998888"},"transcript":[{"role":"user","message":"I need to fix my brakes."},{"role":"agent","message":"I can help with that."}]}}
Processing call conv_test_123 from +15559998888...
CRM note created successfully for call conv_test_123!

[2026-07-29T16:41:09.633783] --- Webhook Request Received ---
Headers: {'host': 'testserver', 'accept': '*/*', 'accept-encoding': 'gzip, deflate, zstd', 'connection': 'keep-alive', 'user-agent': 'testclient', 'content-length': '329', 'content-type': 'application/json'}
Body: {"type":"post_call_transcription","event_timestamp":1700000000,"data":{"conversation_id":"conv_test_123","agent_id":"agent_test_123","analysis":{"summary":"The customer requested a callback."},"metadata":{"from_number":"+15559998888"},"transcript":[{"role":"user","message":"Can you call me back tomorrow morning at 8:00 AM?"}]}}
Processing call conv_test_123 from +15559998888...
CRM note created successfully for call conv_test_123!
Extracted callback info: {'preferred_time': 'tomorrow morning at 8:00 AM', 'service_type': 'Brake repair', 'issue_description': 'Grinding noise'}
Service request callback logged successfully!
